
> painel-abz@0.1.0 build
> rimraf .next && next build

   Γû▓ Next.js 15.5.4
   - Environments: .env.local, .env.production, .env
   - Experiments (use with caution):
     Γ£ô optimizeCss

   Creating an optimized production build ...
node.exe : Failed to compile.
At C:\Program Files\nodejs\npm.ps1:29 char:3
+   & $NODE_EXE $NPM_CLI_JS $args
+   ~~~~~~~~~~~~~~~~~~~~~~~~~~~~~
    + CategoryInfo          : NotSpecified: (Failed to compile.:String) [], RemoteExcep 
   tion
    + FullyQualifiedErrorId : NativeCommandError
 

./src/components/admin/UnifiedUserManager.tsx
Error:   [31mx[0m Unexpected token `string literal 
(components.usuarioAprovadoComSucesso, 'components.usuarioAprovadoComSucesso')`. 
Expected yield, an identifier, [ or {
     ,-[[36;1;4mD:\Projeto\Finalizados\Painel 
ABZ-BR-INT\painel-abz\src\components\admin\UnifiedUserManager.tsx[0m:852:1]
 [2m849[0m |       const result = await response.json();
 [2m850[0m | 
 [2m851[0m |       if (result.success) {
 [2m852[0m |         setSuccessMessage({t('components.usuarioAprovadoComSucesso')});
     : [35;1m                             ^^^^^^^^^^^^^^^^^^^^^^^^^^^^^^^^^^^^^^[0m
 [2m853[0m |         fetchAuthorizedUsers();
 [2m854[0m |         fetchStats();
 [2m854[0m |       } else {
     `----

Caused by:
    Syntax Error

Import trace for requested module:
./src/components/admin/UnifiedUserManager.tsx
./src/app/admin/user-management/page.tsx

./src/app/admin/setup-avaliacao/page.tsx
Error:   [31mx[0m Unexpected token `string literal 
(admin.erroDeConexaoErrorInstanceofErrorErrormessage, 
'admin.erroDeConexaoErrorInstanceofErrorErrormessage')`. Expected yield, an identifier, 
[ or {
    ,-[[36;1;4mD:\Projeto\Finalizados\Painel 
ABZ-BR-INT\painel-abz\src\app\admin\setup-avaliacao\page.tsx[0m:71:1]
 [2m68[0m |       }
 [2m69[0m |     } catch (error) {
 [2m70[0m |       console.error('Erro ao verificar sistema:', error);
 [2m71[0m |       
setResults([{t('admin.erroDeConexaoErrorInstanceofErrorErrormessage')}Erro 
desconhecido'}`]);
    : [35;1m                     
^^^^^^^^^^^^^^^^^^^^^^^^^^^^^^^^^^^^^^^^^^^^^^^^^^^^^[0m
 [2m72[0m |     }
 [2m73[0m |   };
    `----

Caused by:
    Syntax Error

Import trace for requested module:
./src/app/admin/setup-avaliacao/page.tsx

./src/app/admin/user-management/add/page.tsx
Error:   [31mx[0m Expected ',', got '}'
    ,-[[36;1;4mD:\Projeto\Finalizados\Painel 
ABZ-BR-INT\painel-abz\src\app\admin\user-management\add\page.tsx[0m:71:1]
 [2m68[0m |       }, 2000);
 [2m69[0m |     } catch (error) {
 [2m70[0m |       console.error(t('admin.erroAoSalvarUsuario'), error);
 [2m71[0m |       
setError(t('admin.erroAoSalvarUsuarioErrorInstanceofErrorErrormessag')}Erro 
desconhecido'}`);
    : [35;1m                                                                           
 ^[0m
 [2m72[0m |     }
 [2m73[0m |   };
 [2m73[0m | 
    `----

Caused by:
    Syntax Error

Import trace for requested module:
./src/app/admin/user-management/add/page.tsx

./src/app/reembolso/page.tsx
Error:   [31mx[0m Expected ',', got 'request'
     ,-[[36;1;4mD:\Projeto\Finalizados\Painel 
ABZ-BR-INT\painel-abz\src\app\reembolso\page.tsx[0m:121:1]
 [2m118[0m |         setActiveTab(tab);
 [2m119[0m |       } else {
 [2m120[0m |         // Se n├úo houver par├ómetro de aba ou for inv├ílido, definir 
para 'request'
 [2m121[0m |         
console.log(t('reimbursement.nenhumaAbaValidaEncontradaNoUrlDefinindoPara')request"');
     : [35;1m                                                                          
         ^^^^^^^[0m
 [2m122[0m |         setActiveTab('request');
 [2m123[0m |       }
 [2m124[0m |     }
     `----

Caused by:
    Syntax Error

Import trace for requested module:
./src/app/reembolso/page.tsx


> Build failed because of webpack errors
